// Jest Snapshot v1, https://goo.gl/fbAQLP

exports[`Autosuggest can mount 1`] = `

<div id="app">
  <div id="autosuggest"
       current-query="cool things"
       placeholder="placeholder"
  >
    <input name="q"
           type="text"
           maxlength="256"
           autocomplete="off"
           aria-autosuggest="list"
           aria-owns="autosuggest__results"
           aria-activedescendant="autosuggest__results--item-null"
           aria-haspopup="true"
           oninputchange="function (){}"
           class="form-control autosuggest__input-open"
    >
    <div class="autosuggest__results-container">
      <!---->
    </div>
  </div>
</div>

`;
